// Jest Snapshot v1, https://goo.gl/fbAQLP

exports[`[44m[1m[operations][22m[49m -- [3mfs manipulations[23m getTemplate.operation should template with passed model 1`] = `undefined`;
